[chanhleo.love/index.html]
[backblue.gif]
[fade.gif]
[index.html]
[chanhleo.love/preview_pic.png]
[chanhleo.love/favicon.png]
[chanhleo.love/landing/css/animate.css]
[chanhleo.love/landing/css/icomoon.css]
[chanhleo.love/landing/css/bootstrap.css]
[chanhleo.love/landing/css/magnific-popup.css]
[chanhleo.love/landing/css/justifiedGallery.css]
[chanhleo.love/landing/css/owl.carousel.min.css]
[chanhleo.love/landing/css/owl.theme.default.min.css]
[chanhleo.love/landing/css/style.css]
[chanhleo.love/landing/css/lightgallery-bundle.css]
[chanhleo.love/landing/js/modernizr-2.6.2.min.js]
[chanhleo.love/story.html]
[chanhleo.love/landing/images/img_bg_2.jpg]
[chanhleo.love/landing/images/groom.jpg]
[chanhleo.love/landing/images/bride.jpg]
[chanhleo.love/landing/images/ThiepCuoi_v2.png]
[chanhleo.love/landing/images/img_bg_3.jpg]
[chanhleo.love/landing/images/video_preview.jpg]
[chanhleo.love/storage/upload_images/thumbnail/4S4A2090_thumb.jpg]
[chanhleo.love/storage/upload_images/thumbnail/4S4A2129_thumb.jpg]
[chanhleo.love/storage/upload_images/thumbnail/4S4A2143_thumb.jpg]
[chanhleo.love/storage/upload_images/thumbnail/4S4A2166_thumb.jpg]
[chanhleo.love/storage/upload_images/thumbnail/4S4A2183_thumb.jpg]
[chanhleo.love/storage/upload_images/thumbnail/4S4A2216_thumb.jpg]
[chanhleo.love/storage/upload_images/thumbnail/4S4A2313_thumb.jpg]
[chanhleo.love/storage/upload_images/thumbnail/4S4A2387_thumb.jpg]
[chanhleo.love/storage/upload_images/thumbnail/4S4A2403_thumb.jpg]
[chanhleo.love/storage/upload_images/thumbnail/4S4A2410_thumb.jpg]
[chanhleo.love/storage/upload_images/thumbnail/4S4A2417_thumb.jpg]
[chanhleo.love/storage/upload_images/thumbnail/4S4A2427_thumb.jpg]
[chanhleo.love/storage/upload_images/thumbnail/4S4A2463_thumb.jpg]
[chanhleo.love/storage/upload_images/thumbnail/4S4A2494_thumb.jpg]
[chanhleo.love/storage/upload_images/thumbnail/4S4A2516_thumb.jpg]
[chanhleo.love/storage/upload_images/thumbnail/4S4A2540_thumb.jpg]
[chanhleo.love/storage/upload_images/thumbnail/4S4A2582_thumb.jpg]
[chanhleo.love/storage/upload_images/thumbnail/4S4A2622_thumb.jpg]
[chanhleo.love/storage/upload_images/thumbnail/4S4A2686_thumb.jpg]
[chanhleo.love/storage/upload_images/thumbnail/4S4A2791_thumb.jpg]
[chanhleo.love/storage/upload_images/thumbnail/4S4A2829_thumb.jpg]
[chanhleo.love/storage/upload_images/thumbnail/4S4A2835_thumb.jpg]
[chanhleo.love/storage/upload_images/thumbnail/4S4A2869_thumb.jpg]
[chanhleo.love/storage/upload_images/thumbnail/4S4A2943_thumb.jpg]
[chanhleo.love/storage/upload_images/thumbnail/4S4A2969_thumb.jpg]
[chanhleo.love/storage/upload_images/thumbnail/4S4A2977_thumb.jpg]
[chanhleo.love/storage/upload_images/thumbnail/4S4A3006_thumb.jpg]
[chanhleo.love/storage/upload_images/thumbnail/4S4A3026_thumb.jpg]
[chanhleo.love/storage/upload_images/thumbnail/4S4A3062_thumb.jpg]
[chanhleo.love/storage/upload_images/thumbnail/4S4A3084_thumb.jpg]
[chanhleo.love/storage/upload_images/thumbnail/4S4A3090_thumb.jpg]
[chanhleo.love/storage/upload_images/thumbnail/4S4A3182_thumb.jpg]
[chanhleo.love/storage/upload_images/thumbnail/4S4A3186_thumb.jpg]
[chanhleo.love/storage/upload_images/thumbnail/4S4A3212_thumb.jpg]
[chanhleo.love/storage/upload_images/thumbnail/4S4A3234_thumb.jpg]
[chanhleo.love/landing/images/img_bg_4.jpg]
[chanhleo.love/landing/js/jquery.min.js]
[chanhleo.love/landing/js/jquery.easing.1.3.js]
[chanhleo.love/landing/js/bootstrap.min.js]
[chanhleo.love/landing/js/jquery.waypoints.min.js]
[chanhleo.love/landing/js/owl.carousel.min.js]
[chanhleo.love/landing/js/jquery.countTo.js]
[chanhleo.love/landing/js/jquery.stellar.min.js]
[chanhleo.love/landing/js/jquery.magnific-popup.min.js]
[chanhleo.love/landing/js/magnific-popup-options.js]
[chanhleo.love/landing/js/jquery.justifiedGallery.js]
[chanhleo.love/landing/js/simplyCountdown.js]
[chanhleo.love/landing/js/lightgallery.umd.js]
[chanhleo.love/landing/js/plugins/lg-thumbnail.umd.js]
[chanhleo.love/landing/js/plugins/lg-zoom.umd.js]
[chanhleo.love/landing/js/main.js]
[chanhleo.love/index.html]
[chanhleo.love/landing/css/animate.css]
[chanhleo.love/livewire/livewire6b46.js]
[chanhleo.love/landing/fonts/icomoon/icomoonb103.eot]
[chanhleo.love/landing/fonts/icomoon/icomoonb103.ttf]
[chanhleo.love/landing/fonts/icomoon/icomoonb103.woff]
[chanhleo.love/landing/css/icomoon.css]
[chanhleo.love/landing/css/bootstrap.css]
[chanhleo.love/landing/css/magnific-popup.css]
[chanhleo.love/landing/css/justifiedGallery.css]
[chanhleo.love/landing/css/owl.video.play.png]
[chanhleo.love/landing/css/owl.carousel.min.css]
[chanhleo.love/landing/css/owl.theme.default.min.css]
[chanhleo.love/landing/fonts/icomoon/icomoona57c.eot]
[chanhleo.love/landing/fonts/icomoon/icomoona57c.ttf]
[chanhleo.love/landing/fonts/icomoon/icomoona57c.woff]
[chanhleo.love/landing/fonts/sacramento-vn/UNI_DA_Sacramento.ttf]
[chanhleo.love/landing/images/img_bg_2_vertical.jpg]
[chanhleo.love/landing/css/style.css]
[chanhleo.love/landing/images/loader.gif]
[chanhleo.love/landing/fonts/lgb687.woff2]
[chanhleo.love/landing/fonts/lgb687.ttf]
[chanhleo.love/landing/fonts/lgb687.woff]
[chanhleo.love/landing/images/loading.gif]
[chanhleo.love/landing/css/lightgallery-bundle.css]
[chanhleo.love/landing/images/stk.png]
[chanhleo.love/story.html]
[chanhleo.love/landing/fonts/icomoon/icomoonb103.svg]
[chanhleo.love/landing/css/owl.video.play.html]
[chanhleo.love/landing/fonts/icomoon/icomoona57c.svg]
[chanhleo.love/landing/fonts/lgb687.svg]
